http://www.wilsonmfg.com/about-us.html
http://www.wilsonmfg.com/adhesive-resistance-coatings.html
http://www.wilsonmfg.com/adjustable-lineal-tools.html
http://www.wilsonmfg.com/alejandra-torres.html
http://www.wilsonmfg.com/angie-malcich.html
http://www.wilsonmfg.com/anvil-rolls.html
http://www.wilsonmfg.com/contact-us.html
http://www.wilsonmfg.com/engraved-rotary-dies.html
http://www.wilsonmfg.com/flexible-cutting-dies.html
http://www.wilsonmfg.com/freddy-salas.html
http://www.wilsonmfg.com/gears.html
http://www.wilsonmfg.com/index.html
http://www.wilsonmfg.com/innovation.html
http://www.wilsonmfg.com/in-the-news.html
http://www.wilsonmfg.com/jason-rima.html
http://www.wilsonmfg.com/jody-dant.html
http://www.wilsonmfg.com/judy-jarillo.html
http://www.wilsonmfg.com/katie-vellom.html
http://www.wilsonmfg.com/keith-chrisco.html
http://www.wilsonmfg.com/magnetic-cylinders.html
http://www.wilsonmfg.com/male-female-dies.html
http://www.wilsonmfg.com/mari-werner.html
http://www.wilsonmfg.com/miscellaneous-rolls.html
http://www.wilsonmfg.com/pat-robb.html
http://www.wilsonmfg.com/print-cylinders.html
http://www.wilsonmfg.com/quality.html
http://www.wilsonmfg.com/raquel-jarillo.html
http://www.wilsonmfg.com/removable-blade.html
http://www.wilsonmfg.com/scrap-recovery.html
http://www.wilsonmfg.com/service.html
http://www.wilsonmfg.com/shawn-meachum.html
http://www.wilsonmfg.com/sleeve-dies.html
http://www.wilsonmfg.com/testimonials.html
http://www.wilsonmfg.com/tint-kits.html
http://www.wilsonmfg.com/todd-westover.html
http://www.wilsonmfg.com/tom-dowswell.html
http://www.wilsonmfg.com/tonia-boswell.html
http://www.wilsonmfg.com/vacuum-insert-dies.html
http://www.wilsonmfg.com/wade-fouts.html
